cargo :     Finished `dev` profile 
[unoptimized + debuginfo] target(s) 
in 0.15s
At line:1 char:1
+ cargo build --workspace 2>&1 | 
Tee-Object -FilePath 
.\build_errors.tx ...
+ ~~~~~~~~~~~~~~~~~~~~~~~~~~~~
    + CategoryInfo          : NotSpec 
   ified: (    Finished `d...get(s)   
  in 0.15s:String) [], RemoteExcept   
 ion
    + FullyQualifiedErrorId : NativeC 
   ommandError
 
